Adding transaction: 12358 Carol_Y_Incredible Dave_Z_Particle 350000 40
Block mined: 2 1 0x006a00e3 1
12358 Carol_Y_Incredible Dave_Z_Particle 350000 40
0x000000b5 0x00ed07ce
