Adding transaction: 11235 Alice_Q_Public Bob_X_Private 150000 20
