Adding transaction: 11235 Alice_Q_Public Bob_X_Private 150000 20
Removing transaction: 11235 Alice_Q_Public Bob_X_Private 150000 20
Block mined: 2 1 0x006a00e3 0
0x00000017 0x00ddb1cb
