Adding transaction: 1 A012345678901234567890123456789 B012345678901234567890123456789 150000 20
Adding transaction: 2 B012345678901234567890123456789 C012345678901234567890123456789 150000 20
Adding transaction: 3 C012345678901234567890123456789 D012345678901234567890123456789 150000 20
Adding transaction: 4 D012345678901234567890123456789 E012345678901234567890123456789 150000 20
Adding transaction: 5 E012345678901234567890123456789 F012345678901234567890123456789 150000 20
Block mined: 1 0 0x00000000 3
1 A012345678901234567890123456789 B012345678901234567890123456789 150000 20
2 B012345678901234567890123456789 C012345678901234567890123456789 150000 20
3 C012345678901234567890123456789 D012345678901234567890123456789 150000 20
0x00000055 0x0074b4e5
Block mined: 2 1 0x0074b4e5 2
4 D012345678901234567890123456789 E012345678901234567890123456789 150000 20
5 E012345678901234567890123456789 F012345678901234567890123456789 150000 20
0x00000169 0x00387b11
Block mined: 3 2 0x00387b11 0
0x0000008d 0x00078f51
