Adding transaction: 11235 Alice_Q_Public Bob_X_Private 150000 20
Adding transaction: 12358 Carol_Y_Incredible Dave_Z_Particle 350000 40
Removing transaction: 11235 Alice_Q_Public Bob_X_Private 150000 20
Block mined: 2 1 0x006a00e3 1
12358 Carol_Y_Incredible Dave_Z_Particle 350000 40
0x000000b5 0x00ed07ce
