Block mined: 2 1 0x00a71277 0
0x00000035 0x006a8f24
