Block mined: 1 0 0x00000000 0
0x00000060 0x00a71277
Block mined: 2 1 0x00a71277 0
0x00000035 0x006a8f24
