Adding transaction: 11235 Alice_Q_Public Bob_X_Private 150000 20
Adding transaction: 23581 Eve_N_Star Fred_F_Filibuster 1350000 10
Removing transaction: 11235 Alice_Q_Public Bob_X_Private 150000 20
Removing transaction: 23581 Eve_N_Star Fred_F_Filibuster 1350000 10
Adding transaction: 12358 Carol_Y_Incredible Dave_Z_Particle 350000 40
Adding transaction: 35813 Gina_T_Positron Hugh_H_Haliboo 11350000 100
Removing transaction: 12358 Carol_Y_Incredible Dave_Z_Particle 350000 40
Removing transaction: 35813 Gina_T_Positron Hugh_H_Haliboo 11350000 100
Block mined: 3 2 0x009b107c 0
0x00000274 0x005d3b09
